L251 LINKER/LOCATER V4.66.93.0                                                          05/20/2022  15:49:57  PAGE 1


L251 LINKER/LOCATER V4.66.93.0, INVOKED BY:
C:\KEIL_V5\C251\BIN\L251.EXE main.obj TO ADC CASE CLASSES (EDATA (0X0-0XFFF), HDATA (0X0-0XFFF))


CPU MODE:     251 SOURCE MODE
MEMORY MODEL: XSMALL


INPUT MODULES INCLUDED:
  main.obj (main)
         COMMENT TYPE 0: C251 V5.60.0
  C:\KEIL_V5\C251\LIB\C2SXS.LIB (?C_START)
         COMMENT TYPE 0: A251 V4.69.6.0
  C:\KEIL_V5\C251\LIB\C2SXS.LIB (PRINTF)
         COMMENT TYPE 0: A251 V4.69.6.0
  C:\KEIL_V5\C251\LIB\C2SXS.LIB (?C?PRNFMT)
         COMMENT TYPE 0: A251 V4.69.6.0


ACTIVE MEMORY CLASSES OF MODULE:  ADC (main)

BASE        START       END         USED      MEMORY CLASS
==========================================================
000000H     000000H     000FFFH     000128H   EDATA
000000H     000000H     000FFFH               HDATA
000000H     FF0000H     FFFFFFH     00003AH   HCONST
FF0000H     FF0000H     FFFFFFH     000448H   CODE
FF0000H     FF0000H     FFFFFFH     000004H   CONST
000000H     000000H     00007FH     000008H   DATA


MEMORY MAP OF MODULE:  ADC (main)


START     STOP      LENGTH    ALIGN  RELOC    MEMORY CLASS   SEGMENT NAME
=========================================================================
000000H   000007H   000008H   ---    AT..     DATA           "REG BANK 0"
000008H   00002FH   000028H   BYTE   UNIT     EDATA          _EDATA_GROUP_
000030H   00012FH   000100H   BYTE   UNIT     EDATA          ?STACK
000130H   FEFFFFH   FEFED0H   ---    ---      **GAP**
FF0000H   FF0002H   000003H   ---    OFFS..   CODE           ?CO?start251?4
FF0003H   FF0302H   000300H   BYTE   UNIT     CODE           ?C?LIB_CODE
FF0303H   FF0378H   000076H   BYTE   INSEG    CODE           ?PR?MAIN?MAIN
FF0379H   FF03C9H   000051H   BYTE   INSEG    CODE           ?PR?ADC_CONVERT?MAIN
FF03CAH   FF03F3H   00002AH   BYTE   INSEG    CODE           ?PR?GET_ADC12BITRESULT?MAIN
FF03F4H   FF0409H   000016H   BYTE   INSEG    CODE           ?PR?DELAY_MS?MAIN
FF040AH   FF041CH   000013H   BYTE   UNIT     CODE           ?C_C51STARTUP
FF041DH   FF041FH   000003H   BYTE   UNIT     CODE           ?C_C51STARTUP?3
FF0420H   FF042FH   000010H   BYTE   INSEG    CODE           ?PR?UARTINIT?MAIN
FF0430H   FF043BH   00000CH   BYTE   INSEG    CODE           ?PR?UARTPUTC?MAIN
FF043CH   FF0447H   00000CH   BYTE   INSEG    CODE           ?PR?PUTCHAR?MAIN
FF0448H   FF044BH   000004H   BYTE   UNIT     CONST          ?CO?PRINTF
FF044CH   FF0485H   00003AH   BYTE   UNIT     HCONST         ?HC?MAIN



OVERLAY MAP OF MODULE:   ADC (main)


FUNCTION/MODULE              EDATA_GROUP
--> CALLED FUNCTION/MODULE   START  STOP
========================================
?C_C51STARTUP                ----- -----

*** NEW ROOT ***************

L251 LINKER/LOCATER V4.66.93.0                                                        05/20/2022  15:49:57  PAGE 2


?C_C51STARTUP?3              ----- -----
  +--> main/main

main/main                    ----- -----
  +--> UartInit/main
  +--> PRINTF/PRINTF
  +--> delay_ms/main
  +--> ADC_convert/main

UartInit/main                ----- -----

PRINTF/PRINTF                0008H 002FH
  +--> OUT/PRINTF

OUT/PRINTF                   ----- -----
  +--> PUTCH/PRINTF

PUTCH/PRINTF                 ----- -----
  +--> putchar/main
  +--> OUT/PRINTF

putchar/main                 ----- -----
  +--> UartPutc/main

UartPutc/main                ----- -----

delay_ms/main                ----- -----

ADC_convert/main             ----- -----
  +--> Get_ADC12bitResult/main
  +--> PRINTF/PRINTF

Get_ADC12bitResult/main      ----- -----



PUBLIC SYMBOLS OF MODULE:  ADC (main)


      VALUE       CLASS    TYPE      PUBLIC SYMBOL NAME
      =================================================
      000000FFH   NUMBER   ---       ?C?CODESEG
      00FF005CH   CODE     ---       ?C?PRNFMT
      00FF0000H   CODE     ---       ?C?STARTUP
      00000001H   NUMBER   ---       ?C?XDATASEG
      00FF0000H   CODE     ---       ?C_STARTUP
      00000030H   EDATA    ---       ?printf?BYTE
*SFR* 000000BCH   DATA     BYTE      ADC_CONTR
      00FF0379H   CODE     ---       ADC_convert
*SFR* 000000BDH   DATA     BYTE      ADC_RES
*SFR* 000000BEH   DATA     BYTE      ADC_RESL
*SFR* 000000DEH   DATA     BYTE      ADCCFG
*SFR* 0000008EH   DATA     BYTE      AUXR
      00FF03F4H   CODE     ---       delay_ms
*SFR* 000000A8H.7 DATA     BIT       EA
      00FF03CAH   CODE     ---       Get_ADC12bitResult
*SFR* 000000A8H   DATA     BYTE      IE
*SFR* 000000B8H   DATA     BYTE      IP
      00FF0303H   CODE     ---       main
*SFR* 00000080H   DATA     BYTE      P0
*SFR* 00000094H   DATA     BYTE      P0M0
*SFR* 00000093H   DATA     BYTE      P0M1
*SFR* 00000090H   DATA     BYTE      P1
*SFR* 00000092H   DATA     BYTE      P1M0
*SFR* 00000091H   DATA     BYTE      P1M1
L251 LINKER/LOCATER V4.66.93.0                                                        05/20/2022  15:49:57  PAGE 3


*SFR* 000000A0H   DATA     BYTE      P2
*SFR* 00000096H   DATA     BYTE      P2M0
*SFR* 00000095H   DATA     BYTE      P2M1
*SFR* 000000B0H   DATA     BYTE      P3
*SFR* 000000B2H   DATA     BYTE      P3M0
*SFR* 000000B1H   DATA     BYTE      P3M1
*SFR* 000000C0H   DATA     BYTE      P4
*SFR* 000000B4H   DATA     BYTE      P4M0
*SFR* 000000B3H   DATA     BYTE      P4M1
*SFR* 000000C8H   DATA     BYTE      P5
*SFR* 000000CAH   DATA     BYTE      P5M0
*SFR* 000000C9H   DATA     BYTE      P5M1
*SFR* 000000E8H   DATA     BYTE      P6
*SFR* 000000CCH   DATA     BYTE      P6M0
*SFR* 000000CBH   DATA     BYTE      P6M1
*SFR* 000000F8H   DATA     BYTE      P7
*SFR* 000000E2H   DATA     BYTE      P7M0
*SFR* 000000E1H   DATA     BYTE      P7M1
*SFR* 000000BAH   DATA     BYTE      P_SW2
      00FF0003H   CODE     NEAR LAB  printf
*SFR* 000000D0H   DATA     BYTE      PSW
      00FF043CH   CODE     ---       putchar
*SFR* 0000009BH   DATA     BYTE      S2BUF
*SFR* 0000009AH   DATA     BYTE      S2CON
*SFR* 00000098H   DATA     BYTE      SCON
*SFR* 000000D6H   DATA     BYTE      T2H
*SFR* 000000D7H   DATA     BYTE      T2L
*SFR* 00000088H   DATA     BYTE      TCON
      00FF0420H   CODE     ---       UartInit
      00FF0430H   CODE     ---       UartPutc



SYMBOL TABLE OF MODULE:  ADC (main)

      VALUE       REP       CLASS    TYPE      SYMBOL NAME
      ====================================================
      ---         MODULE    ---      ---       main
      00FF0303H   PUBLIC    CODE     ---       main
      00FF0379H   PUBLIC    CODE     ---       ADC_convert
      00FF0420H   PUBLIC    CODE     ---       UartInit
      00FF0430H   PUBLIC    CODE     ---       UartPutc
      00FF03F4H   PUBLIC    CODE     ---       delay_ms
      00FF03CAH   PUBLIC    CODE     ---       Get_ADC12bitResult
      00FF043CH   PUBLIC    CODE     ---       putchar
      00000094H   SFRSYM    DATA     BYTE      P0M0
      000000D0H   SFRSYM    DATA     BYTE      PSW
      0000009AH   SFRSYM    DATA     BYTE      S2CON
      0000009BH   SFRSYM    DATA     BYTE      S2BUF
      000000BEH   SFRSYM    DATA     BYTE      ADC_RESL
      000000D7H   SFRSYM    DATA     BYTE      T2L
      000000D6H   SFRSYM    DATA     BYTE      T2H
      0000008EH   SFRSYM    DATA     BYTE      AUXR
      00000088H   SFRSYM    DATA     BYTE      TCON
      00000098H   SFRSYM    DATA     BYTE      SCON
      000000BCH   SFRSYM    DATA     BYTE      ADC_CONTR
      000000DEH   SFRSYM    DATA     BYTE      ADCCFG
      000000B8H   SFRSYM    DATA     BYTE      IP
      000000BDH   SFRSYM    DATA     BYTE      ADC_RES
      000000A8H   SFRSYM    DATA     BYTE      IE
      000000BAH   SFRSYM    DATA     BYTE      P_SW2
      000000F8H   SFRSYM    DATA     BYTE      P7
      000000A8H.7 SFRSYM    DATA     BIT       EA
      000000E1H   SFRSYM    DATA     BYTE      P7M1
      000000E8H   SFRSYM    DATA     BYTE      P6
L251 LINKER/LOCATER V4.66.93.0                                                        05/20/2022  15:49:57  PAGE 4


      000000C8H   SFRSYM    DATA     BYTE      P5
      000000CBH   SFRSYM    DATA     BYTE      P6M1
      000000E2H   SFRSYM    DATA     BYTE      P7M0
      000000C0H   SFRSYM    DATA     BYTE      P4
      000000C9H   SFRSYM    DATA     BYTE      P5M1
      000000CCH   SFRSYM    DATA     BYTE      P6M0
      000000B0H   SFRSYM    DATA     BYTE      P3
      000000B3H   SFRSYM    DATA     BYTE      P4M1
      000000CAH   SFRSYM    DATA     BYTE      P5M0
      000000A0H   SFRSYM    DATA     BYTE      P2
      000000B1H   SFRSYM    DATA     BYTE      P3M1
      000000B4H   SFRSYM    DATA     BYTE      P4M0
      00000090H   SFRSYM    DATA     BYTE      P1
      00000095H   SFRSYM    DATA     BYTE      P2M1
      000000B2H   SFRSYM    DATA     BYTE      P3M0
      00000080H   SFRSYM    DATA     BYTE      P0
      00000091H   SFRSYM    DATA     BYTE      P1M1
      00000096H   SFRSYM    DATA     BYTE      P2M0
      00000092H   SFRSYM    DATA     BYTE      P1M0
      00000093H   SFRSYM    DATA     BYTE      P0M1

      00FF0420H   BLOCK     CODE     ---       LVL=0
      00FF0420H   LINE      CODE     ---       #57
      00FF0420H   LINE      CODE     ---       #59
      00FF0423H   LINE      CODE     ---       #60
      00FF0426H   LINE      CODE     ---       #61
      00FF0429H   LINE      CODE     ---       #62
      00FF042CH   LINE      CODE     ---       #63
      00FF042FH   LINE      CODE     ---       #64
      ---         BLOCKEND  ---      ---       LVL=0

      00FF0430H   BLOCK     CODE     ---       LVL=0
      R11         REGSYM    ---      BYTE      dat
      00FF0430H   LINE      CODE     ---       #66
      00FF0430H   LINE      CODE     ---       #68
      00FF0433H   LINE      CODE     ---       #69
      00FF0438H   LINE      CODE     ---       #70
      00FF043BH   LINE      CODE     ---       #71
      ---         BLOCKEND  ---      ---       LVL=0

      00FF043CH   BLOCK     CODE     ---       LVL=0
      R15         REGSYM    ---      CHAR      c
      00FF043CH   LINE      CODE     ---       #73
      00FF0440H   LINE      CODE     ---       #75
      00FF0443H   LINE      CODE     ---       #76
      00FF0445H   LINE      CODE     ---       #77
      ---         BLOCKEND  ---      ---       LVL=0

      00FF0303H   BLOCK     CODE     ---       LVL=0
      R15         REGSYM    ---      BYTE      i
      00FF0303H   LINE      CODE     ---       #80
      00FF0303H   LINE      CODE     ---       #81
      00FF0303H   LINE      CODE     ---       #84
      00FF0306H   LINE      CODE     ---       #86
      00FF030CH   LINE      CODE     ---       #87
      00FF0312H   LINE      CODE     ---       #88
      00FF0318H   LINE      CODE     ---       #89
      00FF031EH   LINE      CODE     ---       #90
      00FF0324H   LINE      CODE     ---       #91
      00FF032AH   LINE      CODE     ---       #92
      00FF0330H   LINE      CODE     ---       #93
      00FF0336H   LINE      CODE     ---       #95
      00FF033CH   LINE      CODE     ---       #96
      00FF033FH   LINE      CODE     ---       #98
      00FF0342H   LINE      CODE     ---       #100
L251 LINKER/LOCATER V4.66.93.0                                                        05/20/2022  15:49:57  PAGE 5


      00FF0345H   LINE      CODE     ---       #101
      00FF0347H   LINE      CODE     ---       #102
      00FF0352H   LINE      CODE     ---       #104
      00FF0352H   LINE      CODE     ---       #106
      00FF0354H   LINE      CODE     ---       #108
      00FF0359H   LINE      CODE     ---       #111
      00FF035EH   LINE      CODE     ---       #112
      00FF0365H   LINE      CODE     ---       #114
      00FF0370H   LINE      CODE     ---       #115
      00FF0377H   LINE      CODE     ---       #117
      ---         BLOCKEND  ---      ---       LVL=0

      00FF03CAH   BLOCK     CODE     ---       LVL=0
      R10         REGSYM    ---      BYTE      channel
      00FF03CAH   LINE      CODE     ---       #128
      00FF03CCH   LINE      CODE     ---       #130
      00FF03CFH   LINE      CODE     ---       #131
      00FF03D2H   LINE      CODE     ---       #133
      00FF03DCH   LINE      CODE     ---       #134
      00FF03DDH   LINE      CODE     ---       #135
      00FF03DEH   LINE      CODE     ---       #136
      00FF03DFH   LINE      CODE     ---       #137
      00FF03E4H   LINE      CODE     ---       #138
      00FF03E7H   LINE      CODE     ---       #139
      00FF03F3H   LINE      CODE     ---       #140
      ---         BLOCKEND  ---      ---       LVL=0

      00FF0379H   BLOCK     CODE     ---       LVL=0
      R15         REGSYM    ---      BYTE      chn
      00FF037DH   BLOCK     CODE     NEAR LAB  LVL=1
      WR12        REGSYM    ---      WORD      j
      R14         REGSYM    ---      BYTE      k
      ---         BLOCKEND  ---      ---       LVL=1
      00FF0379H   LINE      CODE     ---       #147
      00FF037DH   LINE      CODE     ---       #148
      00FF037DH   LINE      CODE     ---       #152
      00FF0380H   LINE      CODE     ---       #153
      00FF0385H   LINE      CODE     ---       #154
      00FF0397H   LINE      CODE     ---       #155
      00FF039FH   LINE      CODE     ---       #157
      00FF03B2H   LINE      CODE     ---       #160
      00FF03C7H   LINE      CODE     ---       #161
      00FF03C7H   LINE      CODE     ---       #162
      ---         BLOCKEND  ---      ---       LVL=0

      00FF03F4H   BLOCK     CODE     ---       LVL=0
      R10         REGSYM    ---      BYTE      ms
      00FF03F6H   BLOCK     CODE     NEAR LAB  LVL=1
      WR8         REGSYM    ---      WORD      i
      ---         BLOCKEND  ---      ---       LVL=1
      00FF03F4H   LINE      CODE     ---       #173
      00FF03F6H   LINE      CODE     ---       #174
      00FF03F6H   LINE      CODE     ---       #176
      00FF03F6H   LINE      CODE     ---       #178
      00FF03FAH   LINE      CODE     ---       #179
      00FF0402H   LINE      CODE     ---       #180
      00FF0409H   LINE      CODE     ---       #181
      ---         BLOCKEND  ---      ---       LVL=0

      ---         MODULE    ---      ---       ?C_START
      00FF0000H   PUBLIC    CODE     ---       ?C?STARTUP
      00FF0000H   PUBLIC    CODE     ---       ?C_STARTUP

      ---         MODULE    ---      ---       PRINTF
      00000030H   PUBLIC    EDATA    ---       ?PRINTF?BYTE
L251 LINKER/LOCATER V4.66.93.0                                                        05/20/2022  15:49:57  PAGE 6


      00FF0003H   PUBLIC    CODE     NEAR LAB  PRINTF

      ---         MODULE    ---      ---       ?C?PRNFMT
      00FF005CH   PUBLIC    CODE     ---       ?C?PRNFMT

Program Size: data=8.0 edata+hdata=296 xdata=0 const=62 code=1096
L251 RUN COMPLETE.  0 WARNING(S),  0 ERROR(S)
